// Jest Snapshot v1, https://goo.gl/fbAQLP

exports[`Header displays current block number 1`] = `
<div
  className="header"
>
  <a
    className="btn-link toggle-sidebar d-lg-none pg pg-menu"
    data-toggle="sidebar"
    href="#"
  />
  <div>
    <div
      className="brand inline"
    >
      <img
        alt="logo"
        data-src="img/logo-white.png"
        height="36"
        src="img/logo-white.png"
      />
    </div>
  </div>
  <div
    className="d-flex align-items-center"
  >
    <div
      className="pull-left p-r-10 fs-14 font-heading d-lg-block d-none"
    >
      <span
        className="active-timenodes"
      >
        <i
          className="fa fa-sitemap"
        />
        <span
          className="mx-2"
        >
          Active TimeNodes:
        </span>
      </span>
      <span
        className="timenode-count"
      />
    </div>
    <div
      className="left-separator right-separator pull-left px-2 fs-14 font-heading d-lg-block d-none"
    >
      <span
        className="active-timenodes"
      >
        <i
          className="fa fa-th-large"
        />
         Network: 
      </span>
      <span
        className="timenode-count"
      >
        <span>
          Mainnet
          
        </span>
      </span>
    </div>
    <div
      className="pull-left p-l-10 fs-14 font-heading d-lg-block d-none"
    >
      <span
        className="active-timenodes"
        data-toggle="dropdown"
      >
        <i
          className="fa fa-file-alt ml-2 cursor-pointer"
        />
         
      </span>
      <div
        aria-labelledby="notification-center"
        className="dropdown-menu notification-toggle"
        role="menu"
      >
        <div
          className="notification-panel"
        >
          <div
            className="scroll-wrapper notification-body scrollable"
          >
            <div
              className="notification-body d-block scrollable scroll-content scroll-visible"
            >
              <div
                className="notification-item clearfix"
              >
                <div
                  className="heading row"
                >
                  <div
                    className="d-block text-uppercase font-weight-bold text-dark"
                  >
                    Ethereum Alarm Clock contracts
                     
                  </div>
                </div>
              </div>
              <div
                className="notification-item clearfix"
              >
                <div
                  className="heading row"
                >
                  <div
                    className="d-block text-uppercase font-weight-bold text-dark"
                  >
                    Schedulers
                  </div>
                </div>
              </div>
              <div
                className="notification-item clearfix"
              >
                <div
                  className="heading row"
                >
                  <div
                    className="d-block text-uppercase font-weight-bold text-dark"
                  >
                    Libraries
                  </div>
                </div>
              </div>
            </div>
          </div>
        </div>
      </div>
    </div>
  </div>
  <div
    className="d-flex"
  >
    <div
      className="search-link"
      onClick={[Function]}
    >
      <i
        className="pg-search"
      />
      <span
        className="d-md-inline-block d-none"
      >
        Search by address
      </span>
    </div>
  </div>
</div>
`;

exports[`Header displays current block number 2`] = `
<span
  className="timenode-count"
/>
`;
