// Jest Snapshot v1, https://goo.gl/fbAQLP

exports[`SidePanel is correctly rendered 1`] = `
<nav
  className="page-sidebar"
  data-pages="sidebar"
>
  <div
    className="sidebar-header"
  >
    <img
      alt="Chronologic"
      className="brand"
      data-src="img/logo-white.png"
      height="36"
      src="img/logo-white.png"
    />
    <div
      className="sidebar-header-controls"
    >
      <button
        className="btn btn-link d-lg-inline-block d-xlg-inline-block d-md-inline-block d-sm-none d-none"
        data-toggle-pin="sidebar"
        type="button"
      >
        <i
          className="fa fa-lock"
        />
      </button>
    </div>
  </div>
  <div
    className="sidebar-menu"
  >
    <ul
      className="menu-items"
    >
      <li
        className="m-t-30 "
      >
        <a
          aria-current="page"
          className="active"
          href="/"
          onClick={[Function]}
          style={Object {}}
        >
          <span
            className="title "
          >
            Schedule
          </span>
          <span
            className="icon-thumbnail "
          >
            <i
              className="pg-calender"
            />
          </span>
        </a>
      </li>
      <li>
        <a
          href="#"
          onClick={[Function]}
        >
          <span
            className="title sub-title "
          >
            Transactions
          </span>
          <span
            className="icon-thumbnail "
          >
            <i
              className="pg-charts"
            />
          </span>
        </a>
        <ul
          className="sub-menu"
        >
          <li>
            <a
              aria-current={null}
              href="/transactions/scheduled"
              onClick={[Function]}
            >
              <span
                className="title"
              >
                Scheduled
              </span>
              <span
                className="icon-thumbnail"
              >
                <i
                  className="pg-plus_circle"
                />
              </span>
            </a>
          </li>
          <li>
            <a
              aria-current={null}
              href="/transactions/completed"
              onClick={[Function]}
            >
              <span
                className="title"
              >
                Completed
              </span>
              <span
                className="icon-thumbnail"
              >
                <i
                  className="fa fa-check"
                />
              </span>
            </a>
          </li>
        </ul>
      </li>
      <li>
        <a
          aria-current={null}
          href="/timenode"
          onClick={[Function]}
        >
          <span
            className="title "
          >
            TimeNode
          </span>
          <span
            className="icon-thumbnail "
          >
            <i
              className="fa fa-sitemap"
            />
          </span>
        </a>
      </li>
      <li>
        <a
          href="https://automate.chronologic.network"
          rel="noopener noreferrer"
          target="_blank"
        >
          <span
            className="title"
          >
            Automate
          </span>
          <span
            className="icon-thumbnail"
          >
            <i
              className="fas fa-font"
            />
          </span>
        </a>
      </li>
      <li>
        <a
          href="https://blog.chronologic.network/search?q=zapier"
          rel="noopener noreferrer"
          target="_blank"
        >
          <span
            className="title"
          >
            Automate Zapier
          </span>
          <span
            className="icon-thumbnail"
          >
            <i
              className="fas fa-bolt"
            />
          </span>
        </a>
      </li>
      <li>
        <a
          href="https://alpha.chronologic.network/debt/"
          rel="noopener noreferrer"
          target="_blank"
        >
          <span
            className="title"
          >
            Debt Smart Contract
          </span>
          <span
            className="icon-thumbnail"
          >
            <i
              className="fab fa-ethereum"
            />
          </span>
        </a>
      </li>
      <li>
        <a
          href="https://alpha.chronologic.network/chronos/"
          rel="noopener noreferrer"
          target="_blank"
        >
          <span
            className="title"
          >
            Day Token Contract
          </span>
          <span
            className="icon-thumbnail"
          >
            <i
              className="far fa-clock"
            />
          </span>
        </a>
      </li>
      <li>
        <a
          aria-current={null}
          href="/faucet"
          onClick={[Function]}
        >
          <span
            className="title "
          >
            Faucet
          </span>
          <span
            className="icon-thumbnail "
          >
            <i
              className="fas fa-tint"
            />
          </span>
        </a>
      </li>
      <li>
        <a
          href="https://blog.chronologic.network/chronos-platform/home"
          rel="noopener noreferrer"
          target="_blank"
        >
          <span
            className="title"
          >
            Help 
          </span>
          <span
            className="icon-thumbnail"
          >
            <i
              className="far fa-question-circle"
            />
          </span>
        </a>
      </li>
      <hr
        className="sidebar-separator mx-4"
      />
      <li
        className="sidebar-additional-item"
      >
        <div
          className="sidebar-additional-item--label"
        >
          Transferred
        </div>
        <div
          className="sidebar-additional-item--display"
        >
          <div
            className=""
          >
            <div
              className="css-1ncsqv2"
            />
            <div
              className="css-o7y5po"
            />
            <div
              className="css-1ncsqv2"
            />
          </div>
        </div>
      </li>
      <li
        className="sidebar-additional-item"
      >
        <div
          className="sidebar-additional-item--label"
        >
          Active TimeNodes
        </div>
        <div
          className="sidebar-additional-item--display"
        />
      </li>
      <li
        className="sidebar-additional-item"
      >
        <div
          className="sidebar-additional-item--label"
        >
          Network
        </div>
        <div
          className="sidebar-additional-item--display"
        >
          <span>
            Mainnet
          </span>
        </div>
      </li>
      <li
        className="sidebar-additional-item"
      >
        <div
          className="sidebar-additional-item--label"
        >
          Current Block
        </div>
        <div
          className="sidebar-additional-item--display"
        >
          <div
            className=""
          >
            <div
              className="css-1ncsqv2"
            />
            <div
              className="css-o7y5po"
            />
            <div
              className="css-1ncsqv2"
            />
          </div>
        </div>
      </li>
      <li
        className="sidebar-additional-item"
      >
        <div
          className="sidebar-additional-item--label"
        >
          Upcoming Transactions
        </div>
        <div
          className="sidebar-additional-item--display"
        />
      </li>
      <li
        className="sidebar-additional-item"
      >
        <div
          className="sidebar-additional-item--label"
        >
          Efficiency
        </div>
        <div
          className="sidebar-additional-item--display"
        >
           %
        </div>
      </li>
      <li
        className="sidebar-bottom-item"
      >
        <small>
          * Some data provided by Nomics.com

          <a
            href="https://p.nomics.com/cryptocurrency-bitcoin-api"
            rel="noopener noreferrer"
            target="_blank"
          >
            Cryptocurrency Market Data API
          </a>
        </small>
      </li>
    </ul>
    <div
      className="clearfix"
    />
  </div>
</nav>
`;
