// Jest Snapshot v1, https://goo.gl/fbAQLP

exports[`TransactionDetails correctly renders 1`] = `
<div
  className="tab-pane slide active show"
>
  <table
    className="table d-block"
  >
    <tbody
      className="d-block"
    >
      <tr
        className="row"
      >
        <td
          className="d-inline-block col-5 col-md-3"
        >
          Status
        </td>
        <td
          className="d-inline-block col-7 col-md-9"
        >
          <div
            className=""
          >
            <div
              className="css-16ar6ui"
            />
            <div
              className="css-16fmdcz"
            />
            <div
              className="css-16ar6ui"
            />
          </div>
          <span />
        </td>
      </tr>
      <tr
        className="row"
      >
        <td
          className="d-inline-block col-5 col-md-3"
        >
          To Address
        </td>
        <td
          className="d-inline-block col-7 col-md-9"
        >
          <a
            href="https://etherscan.io/address/0x123306090abab3a6e1400e9345bc60c78a8bef57"
            rel="noopener noreferrer"
            target="_blank"
          >
            0x123306090abab3a6e1400e9345bc60c78a8bef57
          </a>
        </td>
      </tr>
      <tr
        className="row"
      >
        <td
          className="d-inline-block col-5 col-md-3"
        >
          Value/Amount
        </td>
        <td
          className="d-inline-block col-7 col-md-9"
        />
      </tr>
      <tr
        className="row"
      >
        <td
          className="d-inline-block col-5 col-md-3"
        >
          Data
        </td>
        <td
          className="d-inline-block col-7 col-md-9"
          title=""
        >
          <div
            className=""
          >
            <div
              className="css-16ar6ui"
            />
            <div
              className="css-16fmdcz"
            />
            <div
              className="css-16ar6ui"
            />
          </div>
        </td>
      </tr>
      <tr
        className="row"
      >
        <td
          className="d-inline-block col-5 col-md-3"
        >
          Block
        </td>
        <td
          className="d-inline-block col-7 col-md-9"
        >
          
        </td>
      </tr>
      <tr
        className="row"
      >
        <td
          className="d-inline-block col-5 col-md-3"
        >
          Window Size
        </td>
        <td
          className="d-inline-block col-7 col-md-9"
        >
          
        </td>
      </tr>
      <tr
        className="row"
      >
        <td
          className="d-inline-block col-5 col-md-3"
        >
          Gas Amount
        </td>
        <td
          className="d-inline-block col-7 col-md-9"
        >
           
           
        </td>
      </tr>
      <tr
        className="row"
      >
        <td
          className="d-inline-block col-5 col-md-3"
        >
          Gas Price
        </td>
        <td
          className="d-inline-block col-7 col-md-9"
        />
      </tr>
      <tr
        className="row"
      >
        <td
          className="d-inline-block col-5 col-md-3"
        >
          Time Bounty
        </td>
        <td
          className="d-inline-block col-7 col-md-9"
        >
          10000 WEI
        </td>
      </tr>
      <tr
        className="row"
      >
        <td
          className="d-inline-block col-5 col-md-3"
        >
          Fee
        </td>
        <td
          className="d-inline-block col-7 col-md-9"
        />
      </tr>
      <tr
        className="row"
      >
        <td
          className="d-inline-block col-5 col-md-3"
        >
          Deposit
        </td>
        <td
          className="d-inline-block col-7 col-md-9"
        />
      </tr>
    </tbody>
  </table>
  <div
    className="row"
  >
    <div
      className="col-2 col-sm-4 col-md-6 col-lg-8"
    />
    <div
      className="col-10 col-sm-8 col-md-6 col-lg-4"
    >
      <div
        className="row"
      >
        <div
          className="col-6"
        />
      </div>
    </div>
    <div
      className="col-12"
    >
      <div />
    </div>
  </div>
  <div
    className="row mt-4"
  >
    <div
      className="col"
    >
      <div
        className="alert alert-info"
      >
        The transaction can be cancelled:
        <br />
        <ol
          className="list-normalized"
        >
          <li>
            Before
             
            <b>
              
            </b>
             
            (Claim Window Start)
          </li>
          <li>
            When wasn't executed by any TimeNode after
             
            <b>
              
            </b>
             
            (Execution Window End)
          </li>
          <li>
            When it hasn't been already cancelled
          </li>
          <li>
            Only by its owner
          </li>
        </ol>
        <div
          className="mt-3"
        >
          <button
            className="btn btn-danger btn-cons"
            disabled={true}
            onClick={[Function]}
            type="button"
          >
            <span>
              Cancel
            </span>
          </button>
        </div>
      </div>
    </div>
  </div>
  <div>
    You are the owner. Please wait until after conclusion of execution window when proxy call feature will enable. For more information please read 
    <a
      href="https://blog.chronologic.network/ethereum-alarm-clock-proxy-call-explanation-477170847094"
      rel="noopener noreferrer"
      target="_blank"
    >
      this tutorial.
    </a>
  </div>
</div>
`;
